// Jest Snapshot v1, https://goo.gl/fbAQLP

exports[`Register page render correctly Register page render 1`] = `[Function]`;
